[2025-06-29 15:46:52] ERROR: Error encoding file at ../data/no-photo.png to Base64: ENOENT: no such file or directory, open '/home/po/Documents/To-Do-List/data/no-photo.png'
[2025-06-29 15:46:52] ERROR: Error during Signup - Failed to encode file to Base64
[2025-06-29 15:53:05] ERROR: Error encoding file at ../no-photo.png to Base64: ENOENT: no such file or directory, open '/home/po/Documents/To-Do-List/no-photo.png'
[2025-06-29 15:53:05] ERROR: Error during Signup - Failed to encode file to Base64
[2025-06-29 15:55:56] ERROR: Error encoding file at ../data/no-photo.png to Base64: ENOENT: no such file or directory, open '/home/po/Documents/To-Do-List/data/no-photo.png'
[2025-06-29 15:55:56] ERROR: Error during image delete: Failed to encode file to Base64
[2025-06-29 15:56:12] ERROR: Error encoding file at ../data/no-photo.png to Base64: ENOENT: no such file or directory, open '/home/po/Documents/To-Do-List/data/no-photo.png'
[2025-06-29 15:56:12] ERROR: Error during image delete: Failed to encode file to Base64
[2025-06-29 15:56:17] ERROR: Error encoding file at ../data/no-photo.png to Base64: ENOENT: no such file or directory, open '/home/po/Documents/To-Do-List/data/no-photo.png'
[2025-06-29 15:56:17] ERROR: Error during image delete: Failed to encode file to Base64
[2025-06-29 16:00:00] ERROR: Error during task notification check: taskTitle is not defined
[2025-06-29 16:01:00] ERROR: Error during task notification check: taskTitle is not defined
[2025-06-29 16:02:00] ERROR: Error during task notification check: taskTitle is not defined
[2025-06-29 16:03:00] ERROR: Error during task notification check: taskTitle is not defined
[2025-06-29 16:04:00] ERROR: Error during task notification check: taskTitle is not defined
[2025-06-29 16:05:00] ERROR: Error during task notification check: taskTitle is not defined
[2025-06-29 16:06:00] ERROR: Error during task notification check: taskTitle is not defined
[2025-06-29 16:07:00] ERROR: Error during task notification check: taskTitle is not defined
[2025-06-29 16:08:00] ERROR: Error during task notification check: taskTitle is not defined
[2025-06-29 16:09:00] ERROR: Error during task notification check: taskTitle is not defined
[2025-06-29 16:10:00] ERROR: Error during task notification check: taskTitle is not defined
[2025-06-29 16:11:00] ERROR: Error during task notification check: taskTitle is not defined
[2025-06-29 16:12:00] ERROR: Error during task notification check: taskTitle is not defined
[2025-06-29 16:13:00] ERROR: Error during task notification check: taskTitle is not defined
[2025-06-29 16:14:07] ERROR: Failed to send email to mail1sujithaldar@gmail.com for task "Sms Checking": result is not defined
[2025-06-29 16:15:06] ERROR: Failed to send email to mail1sujithaldar@gmail.com for task "Sms Checking": result is not defined
[2025-06-29 16:16:06] ERROR: Failed to send email to mail1sujithaldar@gmail.com for task "Sms Checking": result is not defined
[2025-06-29 16:17:06] ERROR: Failed to send email to mail1sujithaldar@gmail.com for task "Sms Checking": result is not defined
[2025-06-29 16:18:07] ERROR: Failed to send email to mail1sujithaldar@gmail.com for task "Sms Checking": result is not defined
[2025-06-29 16:19:06] ERROR: Error sending SMS to +919775203840 :  A 'From' or 'MessagingServiceSid' parameter is required to send a message
[2025-06-29 16:19:06] ERROR: Failed to send email to mail1sujithaldar@gmail.com for task "Sms Checking": Failed to send SMS to +919775203840
[2025-06-29 16:20:06] ERROR: Error sending SMS to +919775203840 :  A 'From' or 'MessagingServiceSid' parameter is required to send a message
[2025-06-29 16:20:06] ERROR: Failed to send email to mail1sujithaldar@gmail.com for task "Sms Checking": Failed to send SMS to +919775203840
[2025-06-29 16:21:06] ERROR: Error sending SMS to +919775203840 :  A 'From' or 'MessagingServiceSid' parameter is required to send a message
[2025-06-29 16:21:06] ERROR: Failed to send email to mail1sujithaldar@gmail.com for task "Sms Checking": Failed to send SMS to +919775203840
[2025-06-29 16:22:05] ERROR: Error sending SMS to +919775203840 :  A 'From' or 'MessagingServiceSid' parameter is required to send a message
[2025-06-29 16:22:05] ERROR: Failed to send email to mail1sujithaldar@gmail.com for task "Sms Checking": Failed to send SMS to +919775203840
[2025-06-29 16:23:06] ERROR: Error sending SMS to +919775203840 :  A 'From' or 'MessagingServiceSid' parameter is required to send a message
[2025-06-29 16:23:06] ERROR: Failed to send email to mail1sujithaldar@gmail.com for task "Sms Checking": Failed to send SMS to +919775203840
[2025-06-29 16:24:07] ERROR: Error sending SMS to +919775203840 :  A 'From' or 'MessagingServiceSid' parameter is required to send a message
[2025-06-29 16:24:07] ERROR: Failed to send email to mail1sujithaldar@gmail.com for task "Sms Checking": Failed to send SMS to +919775203840
[2025-06-29 16:25:05] ERROR: Error sending SMS to +919775203840 :  A 'From' or 'MessagingServiceSid' parameter is required to send a message
[2025-06-29 16:25:05] ERROR: Failed to send email to mail1sujithaldar@gmail.com for task "Sms Checking": Failed to send SMS to +919775203840
[2025-06-30 09:45:00] ERROR: Error reading users file: Unterminated string in JSON at position 16384
[2025-06-30 10:03:00] ERROR: Error reading users file: Unterminated string in JSON at position 4096
[2026-08-05 13:42:01] ERROR: Error sending email to mail2sujithalder@gmail.com with subject: "Task Due Reminder": Invalid login: 535-5.7.8 Username and Password not accepted. For more information, go to
535 5.7.8  https://support.google.com/mail/?p=BadCredentials 98e67ed59e1d1-3903d183dadsm1222522a91.0 - gsmtp
[2026-08-05 13:42:01] ERROR: Failed to send email to mail2sujithalder@gmail.com for task "test2": Failed to send email to mail2sujithalder@gmail.com
[2026-08-05 13:43:01] ERROR: Error sending email to mail2sujithalder@gmail.com with subject: "Task Due Reminder": Invalid login: 535-5.7.8 Username and Password not accepted. For more information, go to
535 5.7.8  https://support.google.com/mail/?p=BadCredentials 98e67ed59e1d1-39039002882sm2339295a91.0 - gsmtp
[2026-08-05 13:43:01] ERROR: Failed to send email to mail2sujithalder@gmail.com for task "test2": Failed to send email to mail2sujithalder@gmail.com
[2026-08-05 13:44:01] ERROR: Error sending email to mail2sujithalder@gmail.com with subject: "Task Due Reminder": Invalid login: 535-5.7.8 Username and Password not accepted. For more information, go to
535 5.7.8  https://support.google.com/mail/?p=BadCredentials 98e67ed59e1d1-38febfdae85sm3925497a91.3 - gsmtp
[2026-08-05 13:44:01] ERROR: Failed to send email to mail2sujithalder@gmail.com for task "test2": Failed to send email to mail2sujithalder@gmail.com
[2026-08-05 13:52:00] ERROR: Error reading users file: Unterminated string in JSON at position 131072
[2026-08-05 14:27:05] ERROR: Error sending SMS to 9775203840 :  Invalid 'To' Phone Number: 977520XXXX
[2026-08-05 14:27:05] ERROR: Failed to send email to mail2sujithalder@gmail.com for task "iuoiuo": Failed to send SMS to 9775203840
[2026-08-05 14:28:03] ERROR: Error sending SMS to 9775203840 :  Invalid 'To' Phone Number: 977520XXXX
[2026-08-05 14:28:03] ERROR: Failed to send email to mail2sujithalder@gmail.com for task "iuoiuo": Failed to send SMS to 9775203840
[2026-08-05 14:29:04] ERROR: Error sending SMS to 9775203840 :  Invalid 'To' Phone Number: 977520XXXX
[2026-08-05 14:29:04] ERROR: Failed to send email to mail2sujithalder@gmail.com for task "iuoiuo": Failed to send SMS to 9775203840
