[2025-06-29 15:46:51] INFO: Sign Up request - mail1sujithaldar@gmail.com
[2025-06-29 15:46:51] WARN: User not found by email: mail1sujithaldar@gmail.com
[2025-06-29 15:46:52] ERROR: Error encoding file at ../data/no-photo.png to Base64: ENOENT: no such file or directory, open '/home/po/Documents/To-Do-List/data/no-photo.png'
[2025-06-29 15:46:52] ERROR: Error during Signup - Failed to encode file to Base64
[2025-06-29 15:53:05] INFO: Sign Up request - mail1sujithaldar@gmail.com
[2025-06-29 15:53:05] WARN: User not found by email: mail1sujithaldar@gmail.com
[2025-06-29 15:53:05] ERROR: Error encoding file at ../no-photo.png to Base64: ENOENT: no such file or directory, open '/home/po/Documents/To-Do-List/no-photo.png'
[2025-06-29 15:53:05] ERROR: Error during Signup - Failed to encode file to Base64
[2025-06-29 15:54:32] INFO: Sign Up request - mail1sujithaldar@gmail.com
[2025-06-29 15:54:32] WARN: User not found by email: mail1sujithaldar@gmail.com
[2025-06-29 15:54:32] INFO: File at ./data/no-photo.png successfully encoded to Base64
[2025-06-29 15:54:32] INFO: Added new user: mail1sujithaldar@gmail.com
[2025-06-29 15:54:32] INFO: Sign Up Successful - mail1sujithaldar@gmail.com
[2025-06-29 15:54:58] INFO: Sign In request - mail1sujithaldar@gmail.com
[2025-06-29 15:54:58] INFO: Access token generated for user: mail1sujithaldar@gmail.com
[2025-06-29 15:54:58] INFO: Sign In Successful - mail1sujithaldar@gmail.com
[2025-06-29 15:54:58] INFO: Dashboard Opened Successfully - mail1sujithaldar@gmail.com
[2025-06-29 15:54:58] INFO: Dashboard Opened Successfully - mail1sujithaldar@gmail.com
[2025-06-29 15:55:56] ERROR: Error encoding file at ../data/no-photo.png to Base64: ENOENT: no such file or directory, open '/home/po/Documents/To-Do-List/data/no-photo.png'
[2025-06-29 15:55:56] ERROR: Error during image delete: Failed to encode file to Base64
[2025-06-29 15:56:07] INFO: User mail1sujithaldar@gmail.com updated profile image
[2025-06-29 15:56:12] ERROR: Error encoding file at ../data/no-photo.png to Base64: ENOENT: no such file or directory, open '/home/po/Documents/To-Do-List/data/no-photo.png'
[2025-06-29 15:56:12] ERROR: Error during image delete: Failed to encode file to Base64
[2025-06-29 15:56:17] ERROR: Error encoding file at ../data/no-photo.png to Base64: ENOENT: no such file or directory, open '/home/po/Documents/To-Do-List/data/no-photo.png'
[2025-06-29 15:56:17] ERROR: Error during image delete: Failed to encode file to Base64
[2025-06-29 15:57:29] INFO: Dashboard Opened Successfully - mail1sujithaldar@gmail.com
[2025-06-29 15:57:29] INFO: Dashboard Opened Successfully - mail1sujithaldar@gmail.com
[2025-06-29 15:57:34] INFO: File at ./data/no-photo.png successfully encoded to Base64
[2025-06-29 15:57:34] INFO: User mail1sujithaldar@gmail.com deleted profile image
[2025-06-29 15:58:10] INFO: User mail1sujithaldar@gmail.com created a task in task list: Sms Checking
[2025-06-29 15:58:17] INFO: User mail1sujithaldar@gmail.com edited task: 8f9f7663-9248-41f5-969d-aaf16806f84e
[2025-06-29 16:00:00] INFO: Task "Sms Checking" for user Sujit Halder added to notification list.
[2025-06-29 16:00:00] ERROR: Error during task notification check: taskTitle is not defined
[2025-06-29 16:01:00] INFO: Task "Sms Checking" for user Sujit Halder added to notification list.
[2025-06-29 16:01:00] ERROR: Error during task notification check: taskTitle is not defined
[2025-06-29 16:02:00] INFO: Task "Sms Checking" for user Sujit Halder added to notification list.
[2025-06-29 16:02:00] ERROR: Error during task notification check: taskTitle is not defined
[2025-06-29 16:03:00] INFO: Task "Sms Checking" for user Sujit Halder added to notification list.
[2025-06-29 16:03:00] ERROR: Error during task notification check: taskTitle is not defined
[2025-06-29 16:04:00] INFO: Task "Sms Checking" for user Sujit Halder added to notification list.
[2025-06-29 16:04:00] ERROR: Error during task notification check: taskTitle is not defined
[2025-06-29 16:05:00] INFO: Task "Sms Checking" for user Sujit Halder added to notification list.
[2025-06-29 16:05:00] ERROR: Error during task notification check: taskTitle is not defined
[2025-06-29 16:06:00] INFO: Task "Sms Checking" for user Sujit Halder added to notification list.
[2025-06-29 16:06:00] ERROR: Error during task notification check: taskTitle is not defined
[2025-06-29 16:07:00] INFO: Task "Sms Checking" for user Sujit Halder added to notification list.
[2025-06-29 16:07:00] ERROR: Error during task notification check: taskTitle is not defined
[2025-06-29 16:08:00] INFO: Task "Sms Checking" for user Sujit Halder added to notification list.
[2025-06-29 16:08:00] ERROR: Error during task notification check: taskTitle is not defined
[2025-06-29 16:09:00] INFO: Task "Sms Checking" for user Sujit Halder added to notification list.
[2025-06-29 16:09:00] ERROR: Error during task notification check: taskTitle is not defined
[2025-06-29 16:10:00] INFO: Task "Sms Checking" for user Sujit Halder added to notification list.
[2025-06-29 16:10:00] ERROR: Error during task notification check: taskTitle is not defined
[2025-06-29 16:11:00] INFO: Task "Sms Checking" for user Sujit Halder added to notification list.
[2025-06-29 16:11:00] ERROR: Error during task notification check: taskTitle is not defined
[2025-06-29 16:12:00] INFO: Task "Sms Checking" for user Sujit Halder added to notification list.
[2025-06-29 16:12:00] ERROR: Error during task notification check: taskTitle is not defined
[2025-06-29 16:13:00] INFO: Task "Sms Checking" for user Sujit Halder added to notification list.
[2025-06-29 16:13:00] ERROR: Error during task notification check: taskTitle is not defined
[2025-06-29 16:14:00] INFO: Task "Sms Checking" for user Sujit Halder added to notification list.
[2025-06-29 16:14:05] INFO: Email sent to mail1sujithaldar@gmail.com with subject: "Task Due Reminder"
[2025-06-29 16:14:05] INFO: Email sent to mail1sujithaldar@gmail.com for task "Sms Checking"
[2025-06-29 16:14:07] ERROR: Failed to send email to mail1sujithaldar@gmail.com for task "Sms Checking": result is not defined
[2025-06-29 16:15:00] INFO: Task "Sms Checking" for user Sujit Halder added to notification list.
[2025-06-29 16:15:04] INFO: Email sent to mail1sujithaldar@gmail.com with subject: "Task Due Reminder"
[2025-06-29 16:15:04] INFO: Email sent to mail1sujithaldar@gmail.com for task "Sms Checking"
[2025-06-29 16:15:06] ERROR: Failed to send email to mail1sujithaldar@gmail.com for task "Sms Checking": result is not defined
[2025-06-29 16:16:00] INFO: Task "Sms Checking" for user Sujit Halder added to notification list.
[2025-06-29 16:16:05] INFO: Email sent to mail1sujithaldar@gmail.com with subject: "Task Due Reminder"
[2025-06-29 16:16:05] INFO: Email sent to mail1sujithaldar@gmail.com for task "Sms Checking"
[2025-06-29 16:16:06] ERROR: Failed to send email to mail1sujithaldar@gmail.com for task "Sms Checking": result is not defined
[2025-06-29 16:17:00] INFO: Task "Sms Checking" for user Sujit Halder added to notification list.
[2025-06-29 16:17:05] INFO: Email sent to mail1sujithaldar@gmail.com with subject: "Task Due Reminder"
[2025-06-29 16:17:05] INFO: Email sent to mail1sujithaldar@gmail.com for task "Sms Checking"
[2025-06-29 16:17:06] ERROR: Failed to send email to mail1sujithaldar@gmail.com for task "Sms Checking": result is not defined
[2025-06-29 16:18:00] INFO: Task "Sms Checking" for user Sujit Halder added to notification list.
[2025-06-29 16:18:05] INFO: Email sent to mail1sujithaldar@gmail.com with subject: "Task Due Reminder"
[2025-06-29 16:18:05] INFO: Email sent to mail1sujithaldar@gmail.com for task "Sms Checking"
[2025-06-29 16:18:07] ERROR: Failed to send email to mail1sujithaldar@gmail.com for task "Sms Checking": result is not defined
[2025-06-29 16:19:00] INFO: Task "Sms Checking" for user Sujit Halder added to notification list.
[2025-06-29 16:19:04] INFO: Email sent to mail1sujithaldar@gmail.com with subject: "Task Due Reminder"
[2025-06-29 16:19:04] INFO: Email sent to mail1sujithaldar@gmail.com for task "Sms Checking"
[2025-06-29 16:19:06] ERROR: Error sending SMS to +919775203840 :  A 'From' or 'MessagingServiceSid' parameter is required to send a message
[2025-06-29 16:19:06] ERROR: Failed to send email to mail1sujithaldar@gmail.com for task "Sms Checking": Failed to send SMS to +919775203840
[2025-06-29 16:20:00] INFO: Task "Sms Checking" for user Sujit Halder added to notification list.
[2025-06-29 16:20:05] INFO: Email sent to mail1sujithaldar@gmail.com with subject: "Task Due Reminder"
[2025-06-29 16:20:05] INFO: Email sent to mail1sujithaldar@gmail.com for task "Sms Checking"
[2025-06-29 16:20:06] ERROR: Error sending SMS to +919775203840 :  A 'From' or 'MessagingServiceSid' parameter is required to send a message
[2025-06-29 16:20:06] ERROR: Failed to send email to mail1sujithaldar@gmail.com for task "Sms Checking": Failed to send SMS to +919775203840
[2025-06-29 16:21:00] INFO: Task "Sms Checking" for user Sujit Halder added to notification list.
[2025-06-29 16:21:04] INFO: Email sent to mail1sujithaldar@gmail.com with subject: "Task Due Reminder"
[2025-06-29 16:21:04] INFO: Email sent to mail1sujithaldar@gmail.com for task "Sms Checking"
[2025-06-29 16:21:06] ERROR: Error sending SMS to +919775203840 :  A 'From' or 'MessagingServiceSid' parameter is required to send a message
[2025-06-29 16:21:06] ERROR: Failed to send email to mail1sujithaldar@gmail.com for task "Sms Checking": Failed to send SMS to +919775203840
[2025-06-29 16:22:00] INFO: Task "Sms Checking" for user Sujit Halder added to notification list.
[2025-06-29 16:22:04] INFO: Email sent to mail1sujithaldar@gmail.com with subject: "Task Due Reminder"
[2025-06-29 16:22:04] INFO: Email sent to mail1sujithaldar@gmail.com for task "Sms Checking"
[2025-06-29 16:22:05] ERROR: Error sending SMS to +919775203840 :  A 'From' or 'MessagingServiceSid' parameter is required to send a message
[2025-06-29 16:22:05] ERROR: Failed to send email to mail1sujithaldar@gmail.com for task "Sms Checking": Failed to send SMS to +919775203840
[2025-06-29 16:23:00] INFO: Task "Sms Checking" for user Sujit Halder added to notification list.
[2025-06-29 16:23:04] INFO: Email sent to mail1sujithaldar@gmail.com with subject: "Task Due Reminder"
[2025-06-29 16:23:04] INFO: Email sent to mail1sujithaldar@gmail.com for task "Sms Checking"
[2025-06-29 16:23:06] ERROR: Error sending SMS to +919775203840 :  A 'From' or 'MessagingServiceSid' parameter is required to send a message
[2025-06-29 16:23:06] ERROR: Failed to send email to mail1sujithaldar@gmail.com for task "Sms Checking": Failed to send SMS to +919775203840
[2025-06-29 16:24:00] INFO: Task "Sms Checking" for user Sujit Halder added to notification list.
[2025-06-29 16:24:05] INFO: Email sent to mail1sujithaldar@gmail.com with subject: "Task Due Reminder"
[2025-06-29 16:24:05] INFO: Email sent to mail1sujithaldar@gmail.com for task "Sms Checking"
[2025-06-29 16:24:07] ERROR: Error sending SMS to +919775203840 :  A 'From' or 'MessagingServiceSid' parameter is required to send a message
[2025-06-29 16:24:07] ERROR: Failed to send email to mail1sujithaldar@gmail.com for task "Sms Checking": Failed to send SMS to +919775203840
[2025-06-29 16:25:00] INFO: Task "Sms Checking" for user Sujit Halder added to notification list.
[2025-06-29 16:25:04] INFO: Email sent to mail1sujithaldar@gmail.com with subject: "Task Due Reminder"
[2025-06-29 16:25:04] INFO: Email sent to mail1sujithaldar@gmail.com for task "Sms Checking"
[2025-06-29 16:25:05] ERROR: Error sending SMS to +919775203840 :  A 'From' or 'MessagingServiceSid' parameter is required to send a message
[2025-06-29 16:25:05] ERROR: Failed to send email to mail1sujithaldar@gmail.com for task "Sms Checking": Failed to send SMS to +919775203840
[2025-06-29 16:28:00] INFO: Task "Sms Checking" for user Sujit Halder added to notification list.
[2025-06-29 16:28:05] INFO: Email sent to mail1sujithaldar@gmail.com with subject: "Task Due Reminder"
[2025-06-29 16:28:05] INFO: Email sent to mail1sujithaldar@gmail.com for task "Sms Checking"
[2025-06-29 16:28:07] INFO: SMS sent to +919775203840 from SID:SM4ec0790e97f012c640a50985abc564c0 successfully
[2025-06-29 16:28:07] INFO: SMS sent to +919775203840 for task "Sms Checking"
[2025-06-29 16:28:07] INFO: Task "Sms Checking" marked as email sent for user mail1sujithaldar@gmail.com
[2025-06-29 16:48:45] INFO: Sign In request - mail1sujithldar@gmail.com
[2025-06-29 16:48:45] WARN: User not found by email or username: mail1sujithldar@gmail.com
[2025-06-29 16:48:45] WARN: Signin failed: User not found - mail1sujithldar@gmail.com
[2025-06-29 16:48:52] INFO: Sign In request - mail1sujithaldar@gmail.com
[2025-06-29 16:48:52] INFO: Access token generated for user: mail1sujithaldar@gmail.com
[2025-06-29 16:48:52] INFO: Sign In Successful - mail1sujithaldar@gmail.com
[2025-06-29 16:48:52] INFO: Dashboard Opened Successfully - mail1sujithaldar@gmail.com
[2025-06-29 16:48:52] INFO: Dashboard Opened Successfully - mail1sujithaldar@gmail.com
[2025-06-29 16:49:28] INFO: User mail1sujithaldar@gmail.com created a task in task list: West Side Story
[2025-06-29 16:55:00] INFO: Task "West Side Story" for user Sujit Halder added to notification list.
[2025-06-29 16:55:06] INFO: Email sent to mail1sujithaldar@gmail.com with subject: "Task Due Reminder"
[2025-06-29 16:55:06] INFO: Email sent to mail1sujithaldar@gmail.com for task "West Side Story"
[2025-06-29 16:55:08] INFO: SMS sent to +919775203840 from SID:SM27c312f893ab820c6fdda20488ac2c7e successfully
[2025-06-29 16:55:08] INFO: SMS sent to +919775203840 for task "West Side Story"
[2025-06-29 16:55:08] INFO: Task "West Side Story" marked as email sent for user mail1sujithaldar@gmail.com
[2025-06-30 09:40:30] INFO: Sign In request - mail1sujithaldar@gmail.com
[2025-06-30 09:40:30] INFO: Access token generated for user: mail1sujithaldar@gmail.com
[2025-06-30 09:40:30] INFO: Sign In Successful - mail1sujithaldar@gmail.com
[2025-06-30 09:40:30] INFO: Dashboard Opened Successfully - mail1sujithaldar@gmail.com
[2025-06-30 09:40:30] INFO: Dashboard Opened Successfully - mail1sujithaldar@gmail.com
[2025-06-30 09:41:23] INFO: User mail1sujithaldar@gmail.com edited task: 8f9f7663-9248-41f5-969d-aaf16806f84e
[2025-06-30 09:45:00] ERROR: Error reading users file: Unterminated string in JSON at position 16384
[2025-06-30 09:55:56] INFO: Dashboard Opened Successfully - mail1sujithaldar@gmail.com
[2025-06-30 09:55:56] INFO: Dashboard Opened Successfully - mail1sujithaldar@gmail.com
[2025-06-30 09:59:15] INFO: User mail1sujithaldar@gmail.com created a task in task list: yhjhjhj
[2025-06-30 10:00:00] INFO: Task "yhjhjhj" for user Sujit Halder added to notification list.
[2025-06-30 10:00:04] INFO: Email sent to mail1sujithaldar@gmail.com with subject: "Task Due Reminder"
[2025-06-30 10:00:04] INFO: Email sent to mail1sujithaldar@gmail.com for task "yhjhjhj"
[2025-06-30 10:00:05] INFO: SMS sent to +919775203840 from SID:SM0668aef984ee7f341d792a2fc38ce45b successfully
[2025-06-30 10:00:05] INFO: SMS sent to +919775203840 for task "yhjhjhj"
[2025-06-30 10:00:05] INFO: Task "yhjhjhj" marked as email sent for user mail1sujithaldar@gmail.com
[2025-06-30 10:03:00] ERROR: Error reading users file: Unterminated string in JSON at position 4096
[2025-06-30 10:03:45] INFO: User mail1sujithaldar@gmail.com edited task: 9699b1a5-4e35-40a9-941e-e0890fc745c7
[2025-06-30 10:04:12] INFO: User mail1sujithaldar@gmail.com edited task: 8f9f7663-9248-41f5-969d-aaf16806f84e
[2025-06-30 10:05:00] INFO: Task "West Side Story" for user Sujit Halder added to notification list.
[2025-06-30 10:05:03] INFO: Email sent to mail1sujithaldar@gmail.com with subject: "Task Due Reminder"
[2025-06-30 10:05:03] INFO: Email sent to mail1sujithaldar@gmail.com for task "West Side Story"
[2025-06-30 10:05:04] INFO: SMS sent to +919775203840 from SID:SMce557f83668539719aac1b1ce69eedc9 successfully
[2025-06-30 10:05:04] INFO: SMS sent to +919775203840 for task "West Side Story"
[2025-06-30 10:05:04] INFO: Task "West Side Story" marked as email sent for user mail1sujithaldar@gmail.com
[2025-06-30 10:12:38] INFO: Sign Up request - mail2sujithalder@gmail.com
[2025-06-30 10:12:38] WARN: User not found by email: mail2sujithalder@gmail.com
[2025-06-30 10:12:38] INFO: Added new user: mail2sujithalder@gmail.com
[2025-06-30 10:12:38] INFO: Sign Up Successful - mail2sujithalder@gmail.com
[2025-06-30 10:13:08] INFO: Sign In request - mail2sujithalder@gmail.com
[2025-06-30 10:13:08] INFO: Access token generated for user: mail2sujithalder@gmail.com
[2025-06-30 10:13:08] INFO: Sign In Successful - mail2sujithalder@gmail.com
[2025-06-30 10:13:08] INFO: Dashboard Opened Successfully - mail2sujithalder@gmail.com
[2025-06-30 10:13:08] INFO: Dashboard Opened Successfully - mail2sujithalder@gmail.com
[2025-06-30 10:13:45] INFO: User mail2sujithalder@gmail.com updated profile image
[2025-06-30 10:13:57] INFO: File at ./data/no-photo.png successfully encoded to Base64
[2025-06-30 10:13:57] INFO: User mail2sujithalder@gmail.com deleted profile image
[2025-06-30 10:15:37] INFO: User mail2sujithalder@gmail.com updated profile image
[2025-06-30 10:15:51] INFO: User mail2sujithalder@gmail.com deleted profile image
[2025-06-30 10:16:07] INFO: User mail2sujithalder@gmail.com updated profile image
[2025-06-30 10:16:20] INFO: User mail2sujithalder@gmail.com deleted profile image
[2026-08-03 18:43:08] INFO: Sign In request - 2025pgcscs11@nitjsr.ac.in
[2026-08-03 18:43:08] WARN: User not found by email or username: 2025pgcscs11@nitjsr.ac.in
[2026-08-03 18:43:08] WARN: Signin failed: User not found - 2025pgcscs11@nitjsr.ac.in
[2026-08-03 18:43:15] INFO: Sign In request - 2025pgcscs11@nitjsr.ac.in
[2026-08-03 18:43:15] WARN: User not found by email or username: 2025pgcscs11@nitjsr.ac.in
[2026-08-03 18:43:15] WARN: Signin failed: User not found - 2025pgcscs11@nitjsr.ac.in
[2026-08-03 18:44:24] INFO: Sign Up request - ddsd@email.com
[2026-08-03 18:44:24] WARN: User not found by email: ddsd@email.com
[2026-08-03 18:44:24] INFO: Added new user: ddsd@email.com
[2026-08-03 18:44:24] INFO: Sign Up Successful - ddsd@email.com
[2026-08-03 18:45:16] INFO: Sign In request - ddsd@email.com
[2026-08-03 18:45:16] INFO: Access token generated for user: ddsd@email.com
[2026-08-03 18:45:16] INFO: Sign In Successful - ddsd@email.com
[2026-08-03 18:45:16] INFO: Dashboard Opened Successfully - ddsd@email.com
[2026-08-03 18:45:16] INFO: Dashboard Opened Successfully - ddsd@email.com
[2026-08-03 18:46:47] INFO: User ddsd@email.com updated profile image
[2026-08-05 13:05:12] INFO: Sign In request - mail2sujithalder@gmail.com
[2026-08-05 13:05:13] INFO: Access token generated for user: mail2sujithalder@gmail.com
[2026-08-05 13:05:13] INFO: Sign In Successful - mail2sujithalder@gmail.com
[2026-08-05 13:05:13] INFO: Dashboard Opened Successfully - mail2sujithalder@gmail.com
[2026-08-05 13:05:13] INFO: Dashboard Opened Successfully - mail2sujithalder@gmail.com
[2026-08-05 13:06:46] INFO: User mail2sujithalder@gmail.com created a task in task list: testing1
[2026-08-05 13:07:43] INFO: User mail2sujithalder@gmail.com updated profile image
[2026-08-05 13:09:20] INFO: Sign In request - mail2sujithalder@gmail.com
[2026-08-05 13:09:20] INFO: Access token generated for user: mail2sujithalder@gmail.com
[2026-08-05 13:09:20] INFO: Sign In Successful - mail2sujithalder@gmail.com
[2026-08-05 13:09:20] INFO: Dashboard Opened Successfully - mail2sujithalder@gmail.com
[2026-08-05 13:09:20] INFO: Dashboard Opened Successfully - mail2sujithalder@gmail.com
[2026-08-05 13:23:02] INFO: Sign In request - mail2sujithalder@gmail.com
[2026-08-05 13:23:02] INFO: Access token generated for user: mail2sujithalder@gmail.com
[2026-08-05 13:23:02] INFO: Sign In Successful - mail2sujithalder@gmail.com
[2026-08-05 13:23:02] INFO: Dashboard Opened Successfully - mail2sujithalder@gmail.com
[2026-08-05 13:23:02] INFO: Dashboard Opened Successfully - mail2sujithalder@gmail.com
[2026-08-05 13:23:06] INFO: User mail2sujithalder@gmail.com deleted task: a76f11c5-86b1-4054-9db4-86f50ad3660d
[2026-08-05 13:28:03] INFO: Dashboard Opened Successfully - mail2sujithalder@gmail.com
[2026-08-05 13:28:03] INFO: Dashboard Opened Successfully - mail2sujithalder@gmail.com
[2026-08-05 13:28:56] INFO: User mail2sujithalder@gmail.com created a task in task list: test2
[2026-08-05 13:42:00] INFO: Task "test2" for user PO PANDA added to notification list.
[2026-08-05 13:42:01] ERROR: Error sending email to mail2sujithalder@gmail.com with subject: "Task Due Reminder": Invalid login: 535-5.7.8 Username and Password not accepted. For more information, go to
535 5.7.8  https://support.google.com/mail/?p=BadCredentials 98e67ed59e1d1-3903d183dadsm1222522a91.0 - gsmtp
[2026-08-05 13:42:01] ERROR: Failed to send email to mail2sujithalder@gmail.com for task "test2": Failed to send email to mail2sujithalder@gmail.com
[2026-08-05 13:43:00] INFO: Task "test2" for user PO PANDA added to notification list.
[2026-08-05 13:43:01] ERROR: Error sending email to mail2sujithalder@gmail.com with subject: "Task Due Reminder": Invalid login: 535-5.7.8 Username and Password not accepted. For more information, go to
535 5.7.8  https://support.google.com/mail/?p=BadCredentials 98e67ed59e1d1-39039002882sm2339295a91.0 - gsmtp
[2026-08-05 13:43:01] ERROR: Failed to send email to mail2sujithalder@gmail.com for task "test2": Failed to send email to mail2sujithalder@gmail.com
[2026-08-05 13:44:00] INFO: Task "test2" for user PO PANDA added to notification list.
[2026-08-05 13:44:01] ERROR: Error sending email to mail2sujithalder@gmail.com with subject: "Task Due Reminder": Invalid login: 535-5.7.8 Username and Password not accepted. For more information, go to
535 5.7.8  https://support.google.com/mail/?p=BadCredentials 98e67ed59e1d1-38febfdae85sm3925497a91.3 - gsmtp
[2026-08-05 13:44:01] ERROR: Failed to send email to mail2sujithalder@gmail.com for task "test2": Failed to send email to mail2sujithalder@gmail.com
[2026-08-05 13:51:16] INFO: Dashboard Opened Successfully - mail2sujithalder@gmail.com
[2026-08-05 13:51:16] INFO: Dashboard Opened Successfully - mail2sujithalder@gmail.com
[2026-08-05 13:52:00] ERROR: Error reading users file: Unterminated string in JSON at position 131072
[2026-08-05 14:16:27] WARN: User not found by email: mail2sujithalder@gmail.com
[2026-08-05 14:16:27] WARN: Edit task failed: User not found - mail2sujithalder@gmail.com
[2026-08-05 14:16:41] INFO: Sign In request - mail2sujithalder@gmail.com
[2026-08-05 14:16:41] WARN: User not found by email or username: mail2sujithalder@gmail.com
[2026-08-05 14:16:41] WARN: Signin failed: User not found - mail2sujithalder@gmail.com
[2026-08-05 14:18:59] INFO: Sign Up request - mail2sujithalder@gmail.com
[2026-08-05 14:18:59] WARN: User not found by email: mail2sujithalder@gmail.com
[2026-08-05 14:18:59] INFO: Added new user: mail2sujithalder@gmail.com
[2026-08-05 14:18:59] INFO: Sign Up Successful - mail2sujithalder@gmail.com
[2026-08-05 14:19:15] INFO: Sign In request - mail2sujithalder@gmail.com
[2026-08-05 14:19:15] INFO: Access token generated for user: mail2sujithalder@gmail.com
[2026-08-05 14:19:15] INFO: Sign In Successful - mail2sujithalder@gmail.com
[2026-08-05 14:19:15] INFO: Dashboard Opened Successfully - mail2sujithalder@gmail.com
[2026-08-05 14:19:15] INFO: Dashboard Opened Successfully - mail2sujithalder@gmail.com
[2026-08-05 14:19:35] INFO: User mail2sujithalder@gmail.com created a task in task list: iuoiuo
[2026-08-05 14:27:00] INFO: Task "iuoiuo" for user panda added to notification list.
[2026-08-05 14:27:03] INFO: Email sent to mail2sujithalder@gmail.com with subject: "Task Due Reminder"
[2026-08-05 14:27:03] INFO: Email sent to mail2sujithalder@gmail.com for task "iuoiuo"
[2026-08-05 14:27:05] ERROR: Error sending SMS to 9775203840 :  Invalid 'To' Phone Number: 977520XXXX
[2026-08-05 14:27:05] ERROR: Failed to send email to mail2sujithalder@gmail.com for task "iuoiuo": Failed to send SMS to 9775203840
[2026-08-05 14:28:00] INFO: Task "iuoiuo" for user panda added to notification list.
[2026-08-05 14:28:03] INFO: Email sent to mail2sujithalder@gmail.com with subject: "Task Due Reminder"
[2026-08-05 14:28:03] INFO: Email sent to mail2sujithalder@gmail.com for task "iuoiuo"
[2026-08-05 14:28:03] ERROR: Error sending SMS to 9775203840 :  Invalid 'To' Phone Number: 977520XXXX
[2026-08-05 14:28:03] ERROR: Failed to send email to mail2sujithalder@gmail.com for task "iuoiuo": Failed to send SMS to 9775203840
[2026-08-05 14:29:00] INFO: Task "iuoiuo" for user panda added to notification list.
[2026-08-05 14:29:03] INFO: Email sent to mail2sujithalder@gmail.com with subject: "Task Due Reminder"
[2026-08-05 14:29:03] INFO: Email sent to mail2sujithalder@gmail.com for task "iuoiuo"
[2026-08-05 14:29:04] ERROR: Error sending SMS to 9775203840 :  Invalid 'To' Phone Number: 977520XXXX
[2026-08-05 14:29:04] ERROR: Failed to send email to mail2sujithalder@gmail.com for task "iuoiuo": Failed to send SMS to 9775203840
